(node:14008) [DEP0169] DeprecationWarning: `url.parse()` behavior is not standardized and prone to errors that have security implications. Use the WHATWG URL API instead. CVEs are not issued for `url.parse()` vulnerabilities.
(Use `node --trace-deprecation ...` to show where the warning was created)
[31m[Nest] 14008  - [39m2026/08/17 13:01:25 [31m  ERROR[39m [38;5;3m[NestApplication] [39m[31mError: listen EADDRINUSE: address already in use :::3333[39m[38;5;3m +1ms[39m
node:net:1948
    const ex = new UVExceptionWithHostPort(err, 'listen', address, port);
               ^

Error: listen EADDRINUSE: address already in use :::3333
    at Server.setupListenHandle [as _listen2] (node:net:1948:16)
    at listenInCluster (node:net:2005:12)
    at Server.listen (node:net:2110:7)
    at ExpressAdapter.listen (D:\WorkSpace\IntelliJIDEAWorkspace\使魔大战3多框架兼容版src.txt\server\node_modules\@nestjs\platform-express\adapters\express-adapter.js:95:32)
    at D:\WorkSpace\IntelliJIDEAWorkspace\使魔大战3多框架兼容版src.txt\server\node_modules\@nestjs\core\nest-application.js:183:30
    at new Promise (<anonymous>)
    at NestApplication.listen (D:\WorkSpace\IntelliJIDEAWorkspace\使魔大战3多框架兼容版src.txt\server\node_modules\@nestjs\core\nest-application.js:173:16)
    at async bootstrap (D:\WorkSpace\IntelliJIDEAWorkspace\使魔大战3多框架兼容版src.txt\server\dist\main.js:36:5) {
  code: 'EADDRINUSE',
  errno: -4091,
  syscall: 'listen',
  address: '::',
  port: 3333
}

Node.js v24.14.0
